
> ai-notetaker@0.0.0 build
> vite build

[36mvite v8.0.2 [32mbuilding client environment for production...[36m[39m
[2Ktransforming...✓ 1796 modules transformed.
rendering chunks...
computing gzip size...
dist/index.html                     0.51 kB │ gzip:   0.31 kB
dist/assets/index-BhgaYmd-.css     38.00 kB │ gzip:   7.95 kB
dist/assets/index-gUn3Gao1.js   1,036.45 kB │ gzip: 314.58 kB

[32m✓ built in 1.01s[39m
[33m[plugin builtin:vite-reporter] 
(!) Some chunks are larger than 500 kB after minification. Consider:
- Using dynamic import() to code-split the application
- Use build.rolldownOptions.output.codeSplitting to improve chunking: https://rolldown.rs/reference/OutputOptions.codeSplitting
- Adjust chunk size limit for this warning via build.chunkSizeWarningLimit.[39m
